Copyright 1986-2022 Xilinx, Inc. All Rights Reserved. Copyright 2022-2025 Advanced Micro Devices, Inc. All Rights Reserved.
----------------------------------------------------------------------------------------------------------------------------------------------------------------------
| Tool Version     : Vivado v.2025.1 (win64) Build 6140274 Thu May 22 00:12:29 MDT 2025
| Date             : Thu Jul  9 02:43:40 2026
| Host             : Ankush running 64-bit major release  (build 9200)
| Command          : report_power -file design_1_wrapper_power_routed.rpt -pb design_1_wrapper_power_summary_routed.pb -rpx design_1_wrapper_power_routed.rpx
| Design           : design_1_wrapper
| Device           : xc7z020clg400-1
| Design State     : routed
| Grade            : commercial
| Process          : typical
| Characterization : Production
----------------------------------------------------------------------------------------------------------------------------------------------------------------------

Power Report

Table of Contents
-----------------
1. Summary
1.1 On-Chip Components
1.2 Power Supply Summary
1.3 Confidence Level
2. Settings
2.1 Environment
2.2 Clock Constraints
3. Detailed Reports
3.1 By Hierarchy

1. Summary
----------

+--------------------------+--------------+
| Total On-Chip Power (W)  | 2.063        |
| Design Power Budget (W)  | Unspecified* |
| Power Budget Margin (W)  | NA           |
| Dynamic (W)              | 1.906        |
| Device Static (W)        | 0.157        |
| Effective TJA (C/W)      | 11.5         |
| Max Ambient (C)          | 61.2         |
| Junction Temperature (C) | 48.8         |
| Confidence Level         | Low          |
| Setting File             | ---          |
| Simulation Activity File | ---          |
| Design Nets Matched      | NA           |
+--------------------------+--------------+
* Specify Design Power Budget using, set_operating_conditions -design_power_budget <value in Watts>


1.1 On-Chip Components
----------------------

+--------------------------+-----------+----------+-----------+-----------------+
| On-Chip                  | Power (W) | Used     | Available | Utilization (%) |
+--------------------------+-----------+----------+-----------+-----------------+
| Clocks                   |     0.058 |        8 |       --- |             --- |
| Slice Logic              |     0.025 |    25032 |       --- |             --- |
|   LUT as Logic           |     0.021 |     7436 |     53200 |           13.98 |
|   Register               |     0.003 |    13941 |    106400 |           13.10 |
|   CARRY4                 |     0.002 |      445 |     13300 |            3.35 |
|   F7/F8 Muxes            |    <0.001 |      318 |     53200 |            0.60 |
|   LUT as Distributed RAM |    <0.001 |       42 |     17400 |            0.24 |
|   BUFG                   |    <0.001 |        1 |        32 |            3.13 |
|   Others                 |    <0.001 |      858 |       --- |             --- |
|   LUT as Shift Register  |    <0.001 |      244 |     17400 |            1.40 |
|   BUFR                   |     0.000 |        1 |        88 |            1.14 |
| Signals                  |     0.033 |    18253 |       --- |             --- |
| Block RAM                |     0.017 |     16.5 |       140 |           11.79 |
| MMCM                     |     0.176 |        2 |         4 |           50.00 |
| I/O                      |     0.192 |       21 |       125 |           16.80 |
| PS7                      |     1.406 |        1 |       --- |             --- |
| Static Power             |     0.157 |          |           |                 |
| Total                    |     2.063 |          |           |                 |
+--------------------------+-----------+----------+-----------+-----------------+


1.2 Power Supply Summary
------------------------

+-----------+-------------+-----------+-------------+------------+-------------+-------------+------------+
| Source    | Voltage (V) | Total (A) | Dynamic (A) | Static (A) | Powerup (A) | Budget (A)  | Margin (A) |
+-----------+-------------+-----------+-------------+------------+-------------+-------------+------------+
| Vccint    |       1.000 |     0.157 |       0.138 |      0.018 |       NA    | Unspecified | NA         |
| Vccaux    |       1.800 |     0.132 |       0.115 |      0.017 |       NA    | Unspecified | NA         |
| Vcco33    |       3.300 |     0.047 |       0.046 |      0.001 |       NA    | Unspecified | NA         |
| Vcco25    |       2.500 |     0.000 |       0.000 |      0.000 |       NA    | Unspecified | NA         |
| Vcco18    |       1.800 |     0.000 |       0.000 |      0.000 |       NA    | Unspecified | NA         |
| Vcco15    |       1.500 |     0.000 |       0.000 |      0.000 |       NA    | Unspecified | NA         |
| Vcco135   |       1.350 |     0.000 |       0.000 |      0.000 |       NA    | Unspecified | NA         |
| Vcco12    |       1.200 |     0.000 |       0.000 |      0.000 |       NA    | Unspecified | NA         |
| Vccaux_io |       1.800 |     0.000 |       0.000 |      0.000 |       NA    | Unspecified | NA         |
| Vccbram   |       1.000 |     0.004 |       0.001 |      0.002 |       NA    | Unspecified | NA         |
| MGTAVcc   |       1.000 |     0.000 |       0.000 |      0.000 |       NA    | Unspecified | NA         |
| MGTAVtt   |       1.200 |     0.000 |       0.000 |      0.000 |       NA    | Unspecified | NA         |
| MGTVccaux |       1.800 |     0.000 |       0.000 |      0.000 |       NA    | Unspecified | NA         |
| Vccpint   |       1.000 |     0.759 |       0.724 |      0.035 |       NA    | Unspecified | NA         |
| Vccpaux   |       1.800 |     0.061 |       0.051 |      0.010 |       NA    | Unspecified | NA         |
| Vccpll    |       1.800 |     0.017 |       0.014 |      0.003 |       NA    | Unspecified | NA         |
| Vcco_ddr  |       1.350 |     0.413 |       0.411 |      0.002 |       NA    | Unspecified | NA         |
| Vcco_mio0 |       3.300 |     0.003 |       0.002 |      0.001 |       NA    | Unspecified | NA         |
| Vcco_mio1 |       1.800 |     0.003 |       0.002 |      0.001 |       NA    | Unspecified | NA         |
| Vccadc    |       1.800 |     0.020 |       0.000 |      0.020 |       NA    | Unspecified | NA         |
+-----------+-------------+-----------+-------------+------------+-------------+-------------+------------+


1.3 Confidence Level
--------------------

+-----------------------------+------------+--------------------------------------------------------+--------------------------------------------------------------------------------------------------------------------+
| User Input Data             | Confidence | Details                                                | Action                                                                                                             |
+-----------------------------+------------+--------------------------------------------------------+--------------------------------------------------------------------------------------------------------------------+
| Design implementation state | High       | Design is routed                                       |                                                                                                                    |
| Clock nodes activity        | Medium     | More than 5% of clocks are missing user specification  | Provide missing clock activity with a constraint file, simulation results or by editing the "By Clock Domain" view |
| I/O nodes activity          | Low        | More than 75% of inputs are missing user specification | Provide missing input activity with simulation results or by editing the "By Resource Type -> I/Os" view           |
| Internal nodes activity     | Medium     | User specified less than 25% of internal nodes         | Provide missing internal nodes activity with simulation results or by editing the "By Resource Type" views         |
| Device models               | High       | Device models are Production                           |                                                                                                                    |
|                             |            |                                                        |                                                                                                                    |
| Overall confidence level    | Low        |                                                        |                                                                                                                    |
+-----------------------------+------------+--------------------------------------------------------+--------------------------------------------------------------------------------------------------------------------+


2. Settings
-----------

2.1 Environment
---------------

+-----------------------+------------------------+
| Ambient Temp (C)      | 25.0                   |
| ThetaJA (C/W)         | 11.5                   |
| Airflow (LFM)         | 250                    |
| Heat Sink             | none                   |
| ThetaSA (C/W)         | 0.0                    |
| Board Selection       | medium (10"x10")       |
| # of Board Layers     | 8to11 (8 to 11 Layers) |
| Board Temperature (C) | 25.0                   |
+-----------------------+------------------------+


2.2 Clock Constraints
---------------------

+------------------------+-------------------------------------------------------------+-----------------+
| Clock                  | Domain                                                      | Constraint (ns) |
+------------------------+-------------------------------------------------------------+-----------------+
| I                      | design_1_i/axi_dynclk_0/U0/Inst_mmcme2_drp/I                |             2.0 |
| axi_dynclk_0_PXL_CLK_O | design_1_i/axi_dynclk_0/U0/PXL_CLK_O                        |            10.0 |
| clk_fpga_0             | design_1_i/processing_system7_0/inst/FCLK_CLK_unbuffered[0] |            10.0 |
| clk_fpga_1             | design_1_i/processing_system7_0/inst/FCLK_CLK_unbuffered[1] |             7.5 |
| clk_fpga_2             | design_1_i/processing_system7_0/inst/FCLK_CLK_unbuffered[2] |             5.0 |
| mmcm_fbclk_out         | design_1_i/axi_dynclk_0/U0/Inst_mmcme2_drp/mmcm_fbclk_out   |            10.0 |
+------------------------+-------------------------------------------------------------+-----------------+


3. Detailed Reports
-------------------

3.1 By Hierarchy
----------------

+--------------------------+-----------+
| Name                     | Power (W) |
+--------------------------+-----------+
| design_1_wrapper         |     1.906 |
|   design_1_i             |     1.898 |
|     axi_dynclk_0         |     0.110 |
|       U0                 |     0.110 |
|     axi_interconnect_gp0 |     0.007 |
|       s00_couplers       |     0.005 |
|       xbar               |     0.001 |
|     axi_interconnect_hp0 |     0.008 |
|       m00_couplers       |     0.004 |
|       s00_couplers       |     0.001 |
|       s01_couplers       |     0.001 |
|       xbar               |     0.002 |
|     axi_vdma_0           |     0.033 |
|       U0                 |     0.033 |
|     dvi2rgb_0            |     0.116 |
|       U0                 |     0.116 |
|     processing_system7_0 |     1.407 |
|       inst               |     1.407 |
|     rgb2dvi_1            |     0.160 |
|       U0                 |     0.160 |
|     top_0                |     0.009 |
|       inst               |     0.009 |
|     v_axi4s_vid_out_0    |     0.009 |
|       inst               |     0.009 |
|     v_tc_in              |     0.013 |
|       U0                 |     0.013 |
|     v_tc_out             |     0.016 |
|       U0                 |     0.016 |
|     v_vid_in_axi4s_0     |     0.009 |
|       inst               |     0.009 |
|   hdmi_out_ddc_scl_iobuf |     0.004 |
|   hdmi_out_ddc_sda_iobuf |     0.004 |
+--------------------------+-----------+


