
*** Running vivado
    with args -log design_1_wrapper.vdi -applog -m64 -product Vivado -messageDb vivado.pb -mode batch -source design_1_wrapper.tcl -notrace



****** Vivado v2025.1 (64-bit)
  **** SW Build 6140274 on Thu May 22 00:12:29 MDT 2025
  **** IP Build 6138677 on Thu May 22 03:10:11 MDT 2025
  **** SharedData Build 6139179 on Tue May 20 17:58:58 MDT 2025
  **** Start of session at: Thu Jul  9 02:41:01 2026
    ** Copyright 1986-2022 Xilinx, Inc. All Rights Reserved.
    ** Copyright 2022-2025 Advanced Micro Devices, Inc. All Rights Reserved.

source design_1_wrapper.tcl -notrace
INFO: [IP_Flow 19-234] Refreshing IP repositories
INFO: [IP_Flow 19-1700] Loaded user IP repository 'c:/ANKUSH_Psuedo-Disk/AUV/hdmi/vivado-library-master'.
INFO: [IP_Flow 19-2313] Loaded Vivado IP repository 'C:/Xilinx/2025.1/Vivado/data/ip'.
Command: link_design -top design_1_wrapper -part xc7z020clg400-1
Design is defaulting to srcset: sources_1
Design is defaulting to constrset: constrs_1
INFO: [Device 21-403] Loading part xc7z020clg400-1
INFO: [Project 1-5699] Read binary netlist with skipMacroContent - 1
INFO: [Project 1-454] Reading design checkpoint 'c:/ANKUSH_Psuedo-Disk/AUV/hdmi/zybo-20-hw.gen/sources_1/bd/design_1/ip/design_1_axi_dynclk_0_0/design_1_axi_dynclk_0_0.dcp' for cell 'design_1_i/axi_dynclk_0'
INFO: [Project 1-454] Reading design checkpoint 'c:/ANKUSH_Psuedo-Disk/AUV/hdmi/zybo-20-hw.gen/sources_1/bd/design_1/ip/design_1_axi_gpio_video_0/design_1_axi_gpio_video_0.dcp' for cell 'design_1_i/axi_gpio_video'
INFO: [Project 1-454] Reading design checkpoint 'c:/ANKUSH_Psuedo-Disk/AUV/hdmi/zybo-20-hw.gen/sources_1/bd/design_1/ip/design_1_axi_vdma_0_0/design_1_axi_vdma_0_0.dcp' for cell 'design_1_i/axi_vdma_0'
INFO: [Project 1-454] Reading design checkpoint 'c:/ANKUSH_Psuedo-Disk/AUV/hdmi/zybo-20-hw.gen/sources_1/bd/design_1/ip/design_1_axis_subset_converter_in_0/design_1_axis_subset_converter_in_0.dcp' for cell 'design_1_i/axis_subset_converter_in'
INFO: [Project 1-454] Reading design checkpoint 'c:/ANKUSH_Psuedo-Disk/AUV/hdmi/zybo-20-hw.gen/sources_1/bd/design_1/ip/design_1_axis_subset_converter_out_0/design_1_axis_subset_converter_out_0.dcp' for cell 'design_1_i/axis_subset_converter_out'
INFO: [Project 1-454] Reading design checkpoint 'c:/ANKUSH_Psuedo-Disk/AUV/hdmi/zybo-20-hw.gen/sources_1/bd/design_1/ip/design_1_dvi2rgb_0_0/design_1_dvi2rgb_0_0.dcp' for cell 'design_1_i/dvi2rgb_0'
INFO: [Project 1-454] Reading design checkpoint 'c:/ANKUSH_Psuedo-Disk/AUV/hdmi/zybo-20-hw.gen/sources_1/bd/design_1/ip/design_1_proc_sys_reset_0_0/design_1_proc_sys_reset_0_0.dcp' for cell 'design_1_i/proc_sys_reset_0'
INFO: [Project 1-454] Reading design checkpoint 'c:/ANKUSH_Psuedo-Disk/AUV/hdmi/zybo-20-hw.gen/sources_1/bd/design_1/ip/design_1_proc_sys_reset_fclk0_0/design_1_proc_sys_reset_fclk0_0.dcp' for cell 'design_1_i/proc_sys_reset_fclk0'
INFO: [Project 1-454] Reading design checkpoint 'c:/ANKUSH_Psuedo-Disk/AUV/hdmi/zybo-20-hw.gen/sources_1/bd/design_1/ip/design_1_proc_sys_reset_fclk1_0/design_1_proc_sys_reset_fclk1_0.dcp' for cell 'design_1_i/proc_sys_reset_fclk1'
INFO: [Project 1-454] Reading design checkpoint 'c:/ANKUSH_Psuedo-Disk/AUV/hdmi/zybo-20-hw.gen/sources_1/bd/design_1/ip/design_1_processing_system7_0_0/design_1_processing_system7_0_0.dcp' for cell 'design_1_i/processing_system7_0'
INFO: [Project 1-454] Reading design checkpoint 'c:/ANKUSH_Psuedo-Disk/AUV/hdmi/zybo-20-hw.gen/sources_1/bd/design_1/ip/design_1_rgb2dvi_1_0/design_1_rgb2dvi_1_0.dcp' for cell 'design_1_i/rgb2dvi_1'
INFO: [Project 1-454] Reading design checkpoint 'c:/ANKUSH_Psuedo-Disk/AUV/hdmi/zybo-20-hw.gen/sources_1/bd/design_1/ip/design_1_top_0_1/design_1_top_0_1.dcp' for cell 'design_1_i/top_0'
INFO: [Project 1-454] Reading design checkpoint 'c:/ANKUSH_Psuedo-Disk/AUV/hdmi/zybo-20-hw.gen/sources_1/bd/design_1/ip/design_1_util_vector_logic_0_0/design_1_util_vector_logic_0_0.dcp' for cell 'design_1_i/util_vector_logic_0'
INFO: [Project 1-454] Reading design checkpoint 'c:/ANKUSH_Psuedo-Disk/AUV/hdmi/zybo-20-hw.gen/sources_1/bd/design_1/ip/design_1_v_axi4s_vid_out_0_0/design_1_v_axi4s_vid_out_0_0.dcp' for cell 'design_1_i/v_axi4s_vid_out_0'
INFO: [Project 1-454] Reading design checkpoint 'c:/ANKUSH_Psuedo-Disk/AUV/hdmi/zybo-20-hw.gen/sources_1/bd/design_1/ip/design_1_v_tc_in_0/design_1_v_tc_in_0.dcp' for cell 'design_1_i/v_tc_in'
INFO: [Project 1-454] Reading design checkpoint 'c:/ANKUSH_Psuedo-Disk/AUV/hdmi/zybo-20-hw.gen/sources_1/bd/design_1/ip/design_1_v_tc_out_0/design_1_v_tc_out_0.dcp' for cell 'design_1_i/v_tc_out'
INFO: [Project 1-454] Reading design checkpoint 'c:/ANKUSH_Psuedo-Disk/AUV/hdmi/zybo-20-hw.gen/sources_1/bd/design_1/ip/design_1_v_vid_in_axi4s_0_0/design_1_v_vid_in_axi4s_0_0.dcp' for cell 'design_1_i/v_vid_in_axi4s_0'
INFO: [Project 1-454] Reading design checkpoint 'c:/ANKUSH_Psuedo-Disk/AUV/hdmi/zybo-20-hw.gen/sources_1/bd/design_1/ip/design_1_axi_interconnect_gp0_imp_xbar_0/design_1_axi_interconnect_gp0_imp_xbar_0.dcp' for cell 'design_1_i/axi_interconnect_gp0/xbar'
INFO: [Project 1-454] Reading design checkpoint 'c:/ANKUSH_Psuedo-Disk/AUV/hdmi/zybo-20-hw.gen/sources_1/bd/design_1/ip/design_1_axi_interconnect_gp0_imp_auto_pc_0/design_1_axi_interconnect_gp0_imp_auto_pc_0.dcp' for cell 'design_1_i/axi_interconnect_gp0/s00_couplers/auto_pc'
INFO: [Project 1-454] Reading design checkpoint 'c:/ANKUSH_Psuedo-Disk/AUV/hdmi/zybo-20-hw.gen/sources_1/bd/design_1/ip/design_1_axi_interconnect_hp0_imp_xbar_0/design_1_axi_interconnect_hp0_imp_xbar_0.dcp' for cell 'design_1_i/axi_interconnect_hp0/xbar'
INFO: [Project 1-454] Reading design checkpoint 'c:/ANKUSH_Psuedo-Disk/AUV/hdmi/zybo-20-hw.gen/sources_1/bd/design_1/ip/design_1_axi_interconnect_hp0_imp_auto_pc_0/design_1_axi_interconnect_hp0_imp_auto_pc_0.dcp' for cell 'design_1_i/axi_interconnect_hp0/m00_couplers/auto_pc'
INFO: [Project 1-454] Reading design checkpoint 'c:/ANKUSH_Psuedo-Disk/AUV/hdmi/zybo-20-hw.gen/sources_1/bd/design_1/ip/design_1_axi_interconnect_hp0_imp_m00_regslice_0/design_1_axi_interconnect_hp0_imp_m00_regslice_0.dcp' for cell 'design_1_i/axi_interconnect_hp0/m00_couplers/m00_regslice'
INFO: [Project 1-454] Reading design checkpoint 'c:/ANKUSH_Psuedo-Disk/AUV/hdmi/zybo-20-hw.gen/sources_1/bd/design_1/ip/design_1_axi_interconnect_hp0_imp_s00_regslice_0/design_1_axi_interconnect_hp0_imp_s00_regslice_0.dcp' for cell 'design_1_i/axi_interconnect_hp0/s00_couplers/s00_regslice'
INFO: [Project 1-454] Reading design checkpoint 'c:/ANKUSH_Psuedo-Disk/AUV/hdmi/zybo-20-hw.gen/sources_1/bd/design_1/ip/design_1_axi_interconnect_hp0_imp_s01_regslice_0/design_1_axi_interconnect_hp0_imp_s01_regslice_0.dcp' for cell 'design_1_i/axi_interconnect_hp0/s01_couplers/s01_regslice'
Netlist sorting complete. Time (s): cpu = 00:00:00 ; elapsed = 00:00:00.359 . Memory (MB): peak = 922.539 ; gain = 0.000
INFO: [Netlist 29-17] Analyzing 859 Unisim elements for replacement
INFO: [Netlist 29-28] Unisim Transformation completed in 1 CPU seconds
INFO: [Project 1-479] Netlist was created with Vivado 2025.1
INFO: [Project 1-570] Preparing netlist for logic optimization
Parsing XDC File [c:/ANKUSH_Psuedo-Disk/AUV/hdmi/zybo-20-hw.gen/sources_1/bd/design_1/ip/design_1_axi_dynclk_0_0/src/axi_dynclk.xdc] for cell 'design_1_i/axi_dynclk_0/U0'
Finished Parsing XDC File [c:/ANKUSH_Psuedo-Disk/AUV/hdmi/zybo-20-hw.gen/sources_1/bd/design_1/ip/design_1_axi_dynclk_0_0/src/axi_dynclk.xdc] for cell 'design_1_i/axi_dynclk_0/U0'
CRITICAL WARNING: [Designutils 20-1280] Could not find module 'ila_refclk'. The XDC file c:/ANKUSH_Psuedo-Disk/AUV/hdmi/zybo-20-hw.gen/sources_1/bd/design_1/ip/design_1_dvi2rgb_0_0/src/ila_refclk/ila_v6_2/constraints/ila.xdc will not be read for any cell of this module.
CRITICAL WARNING: [Designutils 20-1280] Could not find module 'ila_pixclk'. The XDC file c:/ANKUSH_Psuedo-Disk/AUV/hdmi/zybo-20-hw.gen/sources_1/bd/design_1/ip/design_1_dvi2rgb_0_0/src/ila_pixclk/ila_v6_2/constraints/ila.xdc will not be read for any cell of this module.
Parsing XDC File [c:/ANKUSH_Psuedo-Disk/AUV/hdmi/zybo-20-hw.gen/sources_1/bd/design_1/ip/design_1_dvi2rgb_0_0/src/dvi2rgb.xdc] for cell 'design_1_i/dvi2rgb_0/U0'
Finished Parsing XDC File [c:/ANKUSH_Psuedo-Disk/AUV/hdmi/zybo-20-hw.gen/sources_1/bd/design_1/ip/design_1_dvi2rgb_0_0/src/dvi2rgb.xdc] for cell 'design_1_i/dvi2rgb_0/U0'
Parsing XDC File [c:/ANKUSH_Psuedo-Disk/AUV/hdmi/zybo-20-hw.gen/sources_1/bd/design_1/ip/design_1_proc_sys_reset_0_0/design_1_proc_sys_reset_0_0_board.xdc] for cell 'design_1_i/proc_sys_reset_0/U0'
Finished Parsing XDC File [c:/ANKUSH_Psuedo-Disk/AUV/hdmi/zybo-20-hw.gen/sources_1/bd/design_1/ip/design_1_proc_sys_reset_0_0/design_1_proc_sys_reset_0_0_board.xdc] for cell 'design_1_i/proc_sys_reset_0/U0'
Parsing XDC File [c:/ANKUSH_Psuedo-Disk/AUV/hdmi/zybo-20-hw.gen/sources_1/bd/design_1/ip/design_1_proc_sys_reset_fclk0_0/design_1_proc_sys_reset_fclk0_0_board.xdc] for cell 'design_1_i/proc_sys_reset_fclk0/U0'
Finished Parsing XDC File [c:/ANKUSH_Psuedo-Disk/AUV/hdmi/zybo-20-hw.gen/sources_1/bd/design_1/ip/design_1_proc_sys_reset_fclk0_0/design_1_proc_sys_reset_fclk0_0_board.xdc] for cell 'design_1_i/proc_sys_reset_fclk0/U0'
Parsing XDC File [c:/ANKUSH_Psuedo-Disk/AUV/hdmi/zybo-20-hw.gen/sources_1/bd/design_1/ip/design_1_proc_sys_reset_fclk1_0/design_1_proc_sys_reset_fclk1_0_board.xdc] for cell 'design_1_i/proc_sys_reset_fclk1/U0'
Finished Parsing XDC File [c:/ANKUSH_Psuedo-Disk/AUV/hdmi/zybo-20-hw.gen/sources_1/bd/design_1/ip/design_1_proc_sys_reset_fclk1_0/design_1_proc_sys_reset_fclk1_0_board.xdc] for cell 'design_1_i/proc_sys_reset_fclk1/U0'
Parsing XDC File [c:/ANKUSH_Psuedo-Disk/AUV/hdmi/zybo-20-hw.gen/sources_1/bd/design_1/ip/design_1_processing_system7_0_0/design_1_processing_system7_0_0.xdc] for cell 'design_1_i/processing_system7_0/inst'
WARNING: [Vivado 12-2489] -input_jitter contains time 0.224970 which will be rounded to 0.225 to ensure it is an integer multiple of 1 picosecond [c:/ANKUSH_Psuedo-Disk/AUV/hdmi/zybo-20-hw.gen/sources_1/bd/design_1/ip/design_1_processing_system7_0_0/design_1_processing_system7_0_0.xdc:21]
Finished Parsing XDC File [c:/ANKUSH_Psuedo-Disk/AUV/hdmi/zybo-20-hw.gen/sources_1/bd/design_1/ip/design_1_processing_system7_0_0/design_1_processing_system7_0_0.xdc] for cell 'design_1_i/processing_system7_0/inst'
Parsing XDC File [c:/ANKUSH_Psuedo-Disk/AUV/hdmi/zybo-20-hw.gen/sources_1/bd/design_1/ip/design_1_rgb2dvi_1_0/src/rgb2dvi.xdc] for cell 'design_1_i/rgb2dvi_1/U0'
Finished Parsing XDC File [c:/ANKUSH_Psuedo-Disk/AUV/hdmi/zybo-20-hw.gen/sources_1/bd/design_1/ip/design_1_rgb2dvi_1_0/src/rgb2dvi.xdc] for cell 'design_1_i/rgb2dvi_1/U0'
Parsing XDC File [c:/ANKUSH_Psuedo-Disk/AUV/hdmi/zybo-20-hw.gen/sources_1/bd/design_1/ip/design_1_axi_gpio_video_0/design_1_axi_gpio_video_0_board.xdc] for cell 'design_1_i/axi_gpio_video/U0'
Finished Parsing XDC File [c:/ANKUSH_Psuedo-Disk/AUV/hdmi/zybo-20-hw.gen/sources_1/bd/design_1/ip/design_1_axi_gpio_video_0/design_1_axi_gpio_video_0_board.xdc] for cell 'design_1_i/axi_gpio_video/U0'
Parsing XDC File [c:/ANKUSH_Psuedo-Disk/AUV/hdmi/zybo-20-hw.gen/sources_1/bd/design_1/ip/design_1_axi_vdma_0_0/design_1_axi_vdma_0_0.xdc] for cell 'design_1_i/axi_vdma_0/U0'
Finished Parsing XDC File [c:/ANKUSH_Psuedo-Disk/AUV/hdmi/zybo-20-hw.gen/sources_1/bd/design_1/ip/design_1_axi_vdma_0_0/design_1_axi_vdma_0_0.xdc] for cell 'design_1_i/axi_vdma_0/U0'
Parsing XDC File [C:/ANKUSH_Psuedo-Disk/AUV/hdmi/zybo-20-hw.srcs/constrs_1/imports/constraints/Zybo-Z7-Master.xdc]
Finished Parsing XDC File [C:/ANKUSH_Psuedo-Disk/AUV/hdmi/zybo-20-hw.srcs/constrs_1/imports/constraints/Zybo-Z7-Master.xdc]
Parsing XDC File [c:/ANKUSH_Psuedo-Disk/AUV/hdmi/zybo-20-hw.gen/sources_1/bd/design_1/ip/design_1_dvi2rgb_0_0/src/ila_timing_workaround.xdc] for cell 'design_1_i/dvi2rgb_0/U0'
Finished Parsing XDC File [c:/ANKUSH_Psuedo-Disk/AUV/hdmi/zybo-20-hw.gen/sources_1/bd/design_1/ip/design_1_dvi2rgb_0_0/src/ila_timing_workaround.xdc] for cell 'design_1_i/dvi2rgb_0/U0'
Parsing XDC File [c:/ANKUSH_Psuedo-Disk/AUV/hdmi/zybo-20-hw.gen/sources_1/bd/design_1/ip/design_1_rgb2dvi_1_0/src/rgb2dvi_clocks.xdc] for cell 'design_1_i/rgb2dvi_1/U0'
Finished Parsing XDC File [c:/ANKUSH_Psuedo-Disk/AUV/hdmi/zybo-20-hw.gen/sources_1/bd/design_1/ip/design_1_rgb2dvi_1_0/src/rgb2dvi_clocks.xdc] for cell 'design_1_i/rgb2dvi_1/U0'
Parsing XDC File [c:/ANKUSH_Psuedo-Disk/AUV/hdmi/zybo-20-hw.gen/sources_1/bd/design_1/ip/design_1_axi_interconnect_hp0_imp_s00_regslice_0/design_1_axi_interconnect_hp0_imp_s00_regslice_0_clocks.xdc] for cell 'design_1_i/axi_interconnect_hp0/s00_couplers/s00_regslice/inst'
Finished Parsing XDC File [c:/ANKUSH_Psuedo-Disk/AUV/hdmi/zybo-20-hw.gen/sources_1/bd/design_1/ip/design_1_axi_interconnect_hp0_imp_s00_regslice_0/design_1_axi_interconnect_hp0_imp_s00_regslice_0_clocks.xdc] for cell 'design_1_i/axi_interconnect_hp0/s00_couplers/s00_regslice/inst'
Parsing XDC File [c:/ANKUSH_Psuedo-Disk/AUV/hdmi/zybo-20-hw.gen/sources_1/bd/design_1/ip/design_1_axi_interconnect_hp0_imp_s01_regslice_0/design_1_axi_interconnect_hp0_imp_s01_regslice_0_clocks.xdc] for cell 'design_1_i/axi_interconnect_hp0/s01_couplers/s01_regslice/inst'
Finished Parsing XDC File [c:/ANKUSH_Psuedo-Disk/AUV/hdmi/zybo-20-hw.gen/sources_1/bd/design_1/ip/design_1_axi_interconnect_hp0_imp_s01_regslice_0/design_1_axi_interconnect_hp0_imp_s01_regslice_0_clocks.xdc] for cell 'design_1_i/axi_interconnect_hp0/s01_couplers/s01_regslice/inst'
Parsing XDC File [c:/ANKUSH_Psuedo-Disk/AUV/hdmi/zybo-20-hw.gen/sources_1/bd/design_1/ip/design_1_axi_interconnect_hp0_imp_m00_regslice_0/design_1_axi_interconnect_hp0_imp_m00_regslice_0_clocks.xdc] for cell 'design_1_i/axi_interconnect_hp0/m00_couplers/m00_regslice/inst'
Finished Parsing XDC File [c:/ANKUSH_Psuedo-Disk/AUV/hdmi/zybo-20-hw.gen/sources_1/bd/design_1/ip/design_1_axi_interconnect_hp0_imp_m00_regslice_0/design_1_axi_interconnect_hp0_imp_m00_regslice_0_clocks.xdc] for cell 'design_1_i/axi_interconnect_hp0/m00_couplers/m00_regslice/inst'
Parsing XDC File [c:/ANKUSH_Psuedo-Disk/AUV/hdmi/zybo-20-hw.gen/sources_1/bd/design_1/ip/design_1_axi_vdma_0_0/design_1_axi_vdma_0_0_clocks.xdc] for cell 'design_1_i/axi_vdma_0/U0'
Finished Parsing XDC File [c:/ANKUSH_Psuedo-Disk/AUV/hdmi/zybo-20-hw.gen/sources_1/bd/design_1/ip/design_1_axi_vdma_0_0/design_1_axi_vdma_0_0_clocks.xdc] for cell 'design_1_i/axi_vdma_0/U0'
Parsing XDC File [c:/ANKUSH_Psuedo-Disk/AUV/hdmi/zybo-20-hw.gen/sources_1/bd/design_1/ip/design_1_v_axi4s_vid_out_0_0/design_1_v_axi4s_vid_out_0_0_clocks.xdc] for cell 'design_1_i/v_axi4s_vid_out_0/inst'
Finished Parsing XDC File [c:/ANKUSH_Psuedo-Disk/AUV/hdmi/zybo-20-hw.gen/sources_1/bd/design_1/ip/design_1_v_axi4s_vid_out_0_0/design_1_v_axi4s_vid_out_0_0_clocks.xdc] for cell 'design_1_i/v_axi4s_vid_out_0/inst'
Parsing XDC File [c:/ANKUSH_Psuedo-Disk/AUV/hdmi/zybo-20-hw.gen/sources_1/bd/design_1/ip/design_1_v_tc_in_0/design_1_v_tc_in_0_clocks.xdc] for cell 'design_1_i/v_tc_in/U0'
INFO: [Timing 38-35] Done setting XDC timing constraints. [c:/ANKUSH_Psuedo-Disk/AUV/hdmi/zybo-20-hw.gen/sources_1/bd/design_1/ip/design_1_v_tc_in_0/design_1_v_tc_in_0_clocks.xdc:2]
INFO: [Timing 38-2] Deriving generated clocks [c:/ANKUSH_Psuedo-Disk/AUV/hdmi/zybo-20-hw.gen/sources_1/bd/design_1/ip/design_1_v_tc_in_0/design_1_v_tc_in_0_clocks.xdc:2]
WARNING: [Vivado 12-1008] No clocks found for command 'get_clocks -of [get_ports -scoped_to_current_instance clk]'. [c:/ANKUSH_Psuedo-Disk/AUV/hdmi/zybo-20-hw.gen/sources_1/bd/design_1/ip/design_1_v_tc_in_0/design_1_v_tc_in_0_clocks.xdc:2]
Resolution: Verify the create_clock command was called to create the clock object before it is referenced.
INFO: [Vivado 12-626] No clocks found. Please use 'create_clock' or 'create_generated_clock' command to create clocks. [c:/ANKUSH_Psuedo-Disk/AUV/hdmi/zybo-20-hw.gen/sources_1/bd/design_1/ip/design_1_v_tc_in_0/design_1_v_tc_in_0_clocks.xdc:2]
get_clocks: Time (s): cpu = 00:00:06 ; elapsed = 00:00:06 . Memory (MB): peak = 1659.273 ; gain = 584.730
CRITICAL WARNING: [Common 17-55] 'get_property' expects at least one object. [c:/ANKUSH_Psuedo-Disk/AUV/hdmi/zybo-20-hw.gen/sources_1/bd/design_1/ip/design_1_v_tc_in_0/design_1_v_tc_in_0_clocks.xdc:5]
Resolution: If [get_<value>] was used to populate the object, check to make sure this command returns at least one valid object.
CRITICAL WARNING: [Vivado 12-259] No clocks specified, please specify clocks using -clock, -fall_clock, -rise_clock options [c:/ANKUSH_Psuedo-Disk/AUV/hdmi/zybo-20-hw.gen/sources_1/bd/design_1/ip/design_1_v_tc_in_0/design_1_v_tc_in_0_clocks.xdc:6]
Finished Parsing XDC File [c:/ANKUSH_Psuedo-Disk/AUV/hdmi/zybo-20-hw.gen/sources_1/bd/design_1/ip/design_1_v_tc_in_0/design_1_v_tc_in_0_clocks.xdc] for cell 'design_1_i/v_tc_in/U0'
Parsing XDC File [c:/ANKUSH_Psuedo-Disk/AUV/hdmi/zybo-20-hw.gen/sources_1/bd/design_1/ip/design_1_v_tc_out_0/design_1_v_tc_out_0_clocks.xdc] for cell 'design_1_i/v_tc_out/U0'
Finished Parsing XDC File [c:/ANKUSH_Psuedo-Disk/AUV/hdmi/zybo-20-hw.gen/sources_1/bd/design_1/ip/design_1_v_tc_out_0/design_1_v_tc_out_0_clocks.xdc] for cell 'design_1_i/v_tc_out/U0'
Parsing XDC File [c:/ANKUSH_Psuedo-Disk/AUV/hdmi/zybo-20-hw.gen/sources_1/bd/design_1/ip/design_1_v_vid_in_axi4s_0_0/design_1_v_vid_in_axi4s_0_0_clocks.xdc] for cell 'design_1_i/v_vid_in_axi4s_0/inst'
Finished Parsing XDC File [c:/ANKUSH_Psuedo-Disk/AUV/hdmi/zybo-20-hw.gen/sources_1/bd/design_1/ip/design_1_v_vid_in_axi4s_0_0/design_1_v_vid_in_axi4s_0_0_clocks.xdc] for cell 'design_1_i/v_vid_in_axi4s_0/inst'
WARNING: [XPM_CDC_SINGLE: TCL-1000] The source and destination clocks are the same. 
     Instance: design_1_i/axi_vdma_0/U0/I_RST_MODULE/GEN_RESET_FOR_S2MM.RESET_I/GEN_RESET_FOR_ASYNC.AXIS_RESET_CDC_I 
  This will add unnecessary latency to the design. Please check the design for the following: 
 1) Manually instantiated XPM_CDC modules: AMD recommends that you remove these modules. 
 2) AMD IP that contains XPM_CDC modules: Verify the connections to the IP to determine whether you can safely ignore this message.
 [C:/Xilinx/2025.1/Vivado/data/ip/xpm/xpm_cdc/tcl/xpm_cdc_single.tcl:5]
WARNING: [XPM_CDC_SINGLE: TCL-1000] The source and destination clocks are the same. 
     Instance: design_1_i/axi_vdma_0/U0/I_RST_MODULE/GEN_RESET_FOR_S2MM.RESET_I/GEN_MIN_FOR_ASYNC.AXIS_IDLE_CDC_I 
  This will add unnecessary latency to the design. Please check the design for the following: 
 1) Manually instantiated XPM_CDC modules: AMD recommends that you remove these modules. 
 2) AMD IP that contains XPM_CDC modules: Verify the connections to the IP to determine whether you can safely ignore this message.
 [C:/Xilinx/2025.1/Vivado/data/ip/xpm/xpm_cdc/tcl/xpm_cdc_single.tcl:5]
WARNING: [XPM_CDC_SINGLE: TCL-1000] The source and destination clocks are the same. 
     Instance: design_1_i/axi_vdma_0/U0/I_RST_MODULE/GEN_RESET_FOR_S2MM.RESET_I/GEN_MIN_FOR_ASYNC.AXIS_MIN_CDC_I 
  This will add unnecessary latency to the design. Please check the design for the following: 
 1) Manually instantiated XPM_CDC modules: AMD recommends that you remove these modules. 
 2) AMD IP that contains XPM_CDC modules: Verify the connections to the IP to determine whether you can safely ignore this message.
 [C:/Xilinx/2025.1/Vivado/data/ip/xpm/xpm_cdc/tcl/xpm_cdc_single.tcl:5]
WARNING: [XPM_CDC_SINGLE: TCL-1000] The source and destination clocks are the same. 
     Instance: design_1_i/axi_vdma_0/U0/I_RST_MODULE/GEN_RESET_FOR_MM2S.RESET_I/GEN_MIN_FOR_ASYNC.AXIS_IDLE_CDC_I 
  This will add unnecessary latency to the design. Please check the design for the following: 
 1) Manually instantiated XPM_CDC modules: AMD recommends that you remove these modules. 
 2) AMD IP that contains XPM_CDC modules: Verify the connections to the IP to determine whether you can safely ignore this message.
 [C:/Xilinx/2025.1/Vivado/data/ip/xpm/xpm_cdc/tcl/xpm_cdc_single.tcl:5]
WARNING: [XPM_CDC_SINGLE: TCL-1000] The source and destination clocks are the same. 
     Instance: design_1_i/axi_vdma_0/U0/I_RST_MODULE/GEN_RESET_FOR_MM2S.RESET_I/GEN_MIN_FOR_ASYNC.AXIS_MIN_CDC_I 
  This will add unnecessary latency to the design. Please check the design for the following: 
 1) Manually instantiated XPM_CDC modules: AMD recommends that you remove these modules. 
 2) AMD IP that contains XPM_CDC modules: Verify the connections to the IP to determine whether you can safely ignore this message.
 [C:/Xilinx/2025.1/Vivado/data/ip/xpm/xpm_cdc/tcl/xpm_cdc_single.tcl:5]
WARNING: [XPM_CDC_SINGLE: TCL-1000] The source and destination clocks are the same. 
     Instance: design_1_i/axi_vdma_0/U0/I_RST_MODULE/GEN_RESET_FOR_MM2S.RESET_I/GEN_RESET_FOR_ASYNC.AXIS_RESET_CDC_I 
  This will add unnecessary latency to the design. Please check the design for the following: 
 1) Manually instantiated XPM_CDC modules: AMD recommends that you remove these modules. 
 2) AMD IP that contains XPM_CDC modules: Verify the connections to the IP to determine whether you can safely ignore this message.
 [C:/Xilinx/2025.1/Vivado/data/ip/xpm/xpm_cdc/tcl/xpm_cdc_single.tcl:5]
INFO: [Project 1-1714] 60 XPM XDC files have been applied to the design.
INFO: [Opt 31-138] Pushed 0 inverter(s) to 0 load pin(s).
INFO: [Project 1-1687] 13 scoped IP constraints or related sub-commands were skipped due to synthesis logic optimizations usually triggered by constant connectivity or unconnected output pins. To review the skipped constraints and messages, run the command 'set_param netlist.IPMsgFiltering false' before opening the design.
Netlist sorting complete. Time (s): cpu = 00:00:00 ; elapsed = 00:00:00.011 . Memory (MB): peak = 1659.273 ; gain = 0.000
INFO: [Project 1-111] Unisim Transformation Summary:
  A total of 15 instances were transformed.
  IOBUF => IOBUF (IBUF, OBUFT): 4 instances
  RAM32M => RAM32M (RAMD32(x6), RAMS32(x2)): 10 instances
  RAM32X1D => RAM32X1D (RAMD32(x2)): 1 instance 

40 Infos, 8 Warnings, 4 Critical Warnings and 0 Errors encountered.
link_design completed successfully
link_design: Time (s): cpu = 00:00:16 ; elapsed = 00:00:18 . Memory (MB): peak = 1659.273 ; gain = 1030.457
Command: opt_design
Attempting to get a license for feature 'Implementation' and/or device 'xc7z020'
INFO: [Common 17-349] Got license for feature 'Implementation' and/or device 'xc7z020'
Running DRC as a precondition to command opt_design

Starting DRC Task
INFO: [DRC 23-27] Running DRC with 2 threads
INFO: [Project 1-461] DRC finished with 0 Errors
INFO: [Project 1-462] Please refer to the DRC report (report_drc) for more information.

Time (s): cpu = 00:00:03 ; elapsed = 00:00:02 . Memory (MB): peak = 1659.273 ; gain = 0.000

Starting Cache Timing Information Task
INFO: [Timing 38-35] Done setting XDC timing constraints.
Ending Cache Timing Information Task | Checksum: 17cdce9c4

Time (s): cpu = 00:00:01 ; elapsed = 00:00:00.753 . Memory (MB): peak = 1659.273 ; gain = 0.000

Starting Logic Optimization Task

Phase 1 Initialization

Phase 1.1 Core Generation And Design Setup
Phase 1.1 Core Generation And Design Setup | Checksum: 17cdce9c4

Time (s): cpu = 00:00:00 ; elapsed = 00:00:00.020 . Memory (MB): peak = 2073.707 ; gain = 0.000

Phase 1.2 Setup Constraints And Sort Netlist
Phase 1.2 Setup Constraints And Sort Netlist | Checksum: 17cdce9c4

Time (s): cpu = 00:00:00 ; elapsed = 00:00:00.044 . Memory (MB): peak = 2073.707 ; gain = 0.000
Phase 1 Initialization | Checksum: 17cdce9c4

Time (s): cpu = 00:00:00 ; elapsed = 00:00:00.049 . Memory (MB): peak = 2073.707 ; gain = 0.000

Phase 2 Timer Update And Timing Data Collection

Phase 2.1 Timer Update
Phase 2.1 Timer Update | Checksum: 17cdce9c4

Time (s): cpu = 00:00:01 ; elapsed = 00:00:00.477 . Memory (MB): peak = 2073.707 ; gain = 0.000

Phase 2.2 Timing Data Collection
Phase 2.2 Timing Data Collection | Checksum: 17cdce9c4

Time (s): cpu = 00:00:01 ; elapsed = 00:00:00.515 . Memory (MB): peak = 2073.707 ; gain = 0.000
Phase 2 Timer Update And Timing Data Collection | Checksum: 17cdce9c4

Time (s): cpu = 00:00:01 ; elapsed = 00:00:00.519 . Memory (MB): peak = 2073.707 ; gain = 0.000

Phase 3 Retarget
INFO: [Opt 31-1851] Number of loadless carry chains removed were: 0
INFO: [Opt 31-1834] Total Chains To Be Transformed Were: 0 AND Number of Transformed insts Created are: 0
INFO: [Opt 31-1566] Pulled 13 inverters resulting in an inversion of 101 pins
INFO: [Opt 31-138] Pushed 7 inverter(s) to 37 load pin(s).
INFO: [Opt 31-49] Retargeted 0 cell(s).
Phase 3 Retarget | Checksum: 2a0360211

Time (s): cpu = 00:00:02 ; elapsed = 00:00:01 . Memory (MB): peak = 2073.707 ; gain = 0.000
Retarget | Checksum: 2a0360211
INFO: [Opt 31-389] Phase Retarget created 469 cells and removed 785 cells
INFO: [Opt 31-1021] In phase Retarget, 77 netlist objects are constrained preventing optimization. Please run opt_design with -debug_log to get more detail. 

Phase 4 Constant propagation
INFO: [Opt 31-138] Pushed 0 inverter(s) to 0 load pin(s).
Phase 4 Constant propagation | Checksum: 28bd521d4

Time (s): cpu = 00:00:02 ; elapsed = 00:00:01 . Memory (MB): peak = 2073.707 ; gain = 0.000
Constant propagation | Checksum: 28bd521d4
INFO: [Opt 31-389] Phase Constant propagation created 177 cells and removed 1318 cells
INFO: [Opt 31-1021] In phase Constant propagation, 411 netlist objects are constrained preventing optimization. Please run opt_design with -debug_log to get more detail. 

Phase 5 Sweep
INFO: [Constraints 18-11670] Building netlist checker database with flags, 0x8
Done building netlist checker database: Time (s): cpu = 00:00:00 ; elapsed = 00:00:00.012 . Memory (MB): peak = 2073.707 ; gain = 0.000
INFO: [Constraints 18-11670] Building netlist checker database with flags, 0x8
Done building netlist checker database: Time (s): cpu = 00:00:00 ; elapsed = 00:00:00.008 . Memory (MB): peak = 2073.707 ; gain = 0.000
Phase 5 Sweep | Checksum: 292b60344

Time (s): cpu = 00:00:03 ; elapsed = 00:00:02 . Memory (MB): peak = 2073.707 ; gain = 0.000
Sweep | Checksum: 292b60344
INFO: [Opt 31-389] Phase Sweep created 0 cells and removed 1789 cells
INFO: [Opt 31-1021] In phase Sweep, 162 netlist objects are constrained preventing optimization. Please run opt_design with -debug_log to get more detail. 

Phase 6 BUFG optimization
Phase 6 BUFG optimization | Checksum: 292b60344

Time (s): cpu = 00:00:03 ; elapsed = 00:00:02 . Memory (MB): peak = 2073.707 ; gain = 0.000
BUFG optimization | Checksum: 292b60344
INFO: [Opt 31-662] Phase BUFG optimization created 0 cells of which 0 are BUFGs and removed 0 cells.

Phase 7 Shift Register Optimization
INFO: [Opt 31-1064] SRL Remap converted 0 SRLs to 0 registers and converted 0 registers of register chains to 0 SRLs
Phase 7 Shift Register Optimization | Checksum: 292b60344

Time (s): cpu = 00:00:03 ; elapsed = 00:00:02 . Memory (MB): peak = 2073.707 ; gain = 0.000
Shift Register Optimization | Checksum: 292b60344
INFO: [Opt 31-389] Phase Shift Register Optimization created 0 cells and removed 0 cells

Phase 8 Post Processing Netlist
Phase 8 Post Processing Netlist | Checksum: 257b8c860

Time (s): cpu = 00:00:03 ; elapsed = 00:00:02 . Memory (MB): peak = 2073.707 ; gain = 0.000
Post Processing Netlist | Checksum: 257b8c860
INFO: [Opt 31-389] Phase Post Processing Netlist created 0 cells and removed 0 cells
INFO: [Opt 31-1021] In phase Post Processing Netlist, 33 netlist objects are constrained preventing optimization. Please run opt_design with -debug_log to get more detail. 

Phase 9 Finalization

Phase 9.1 Finalizing Design Cores and Updating Shapes
Phase 9.1 Finalizing Design Cores and Updating Shapes | Checksum: 2bb804f6a

Time (s): cpu = 00:00:03 ; elapsed = 00:00:03 . Memory (MB): peak = 2073.707 ; gain = 0.000

Phase 9.2 Verifying Netlist Connectivity

Starting Connectivity Check Task

Time (s): cpu = 00:00:01 ; elapsed = 00:00:00.035 . Memory (MB): peak = 2073.707 ; gain = 0.000
Phase 9.2 Verifying Netlist Connectivity | Checksum: 2bb804f6a

Time (s): cpu = 00:00:04 ; elapsed = 00:00:03 . Memory (MB): peak = 2073.707 ; gain = 0.000
Phase 9 Finalization | Checksum: 2bb804f6a

Time (s): cpu = 00:00:04 ; elapsed = 00:00:03 . Memory (MB): peak = 2073.707 ; gain = 0.000
Opt_design Change Summary
=========================


-------------------------------------------------------------------------------------------------------------------------
|  Phase                        |  #Cells created  |  #Cells Removed  |  #Constrained objects preventing optimizations  |
-------------------------------------------------------------------------------------------------------------------------
|  Retarget                     |             469  |             785  |                                             77  |
|  Constant propagation         |             177  |            1318  |                                            411  |
|  Sweep                        |               0  |            1789  |                                            162  |
|  BUFG optimization            |               0  |               0  |                                              0  |
|  Shift Register Optimization  |               0  |               0  |                                              0  |
|  Post Processing Netlist      |               0  |               0  |                                             33  |
-------------------------------------------------------------------------------------------------------------------------


Ending Logic Optimization Task | Checksum: 2bb804f6a

Time (s): cpu = 00:00:04 ; elapsed = 00:00:03 . Memory (MB): peak = 2073.707 ; gain = 0.000

Starting Power Optimization Task
INFO: [Pwropt 34-132] Skipping clock gating for clocks with a period < 2.00 ns.
INFO: [Timing 38-35] Done setting XDC timing constraints.
INFO: [Pwropt 34-10] Applying ODC optimizations ...
Running Vector-less Activity Propagation...

Finished Running Vector-less Activity Propagation


Starting PowerOpt Patch Enables Task
INFO: [Pwropt 34-162] WRITE_MODE attribute of 0 BRAM(s) out of a total of 20 has been updated to save power. Run report_power_opt to get a complete listing of the BRAMs updated.
INFO: [Pwropt 34-201] Structural ODC has moved 2 WE to EN ports
Number of BRAM Ports augmented: 9 newly gated: 2 Total Ports: 40
Ending PowerOpt Patch Enables Task | Checksum: 1da38b5cd

Time (s): cpu = 00:00:00 ; elapsed = 00:00:00.114 . Memory (MB): peak = 2296.676 ; gain = 0.000
Ending Power Optimization Task | Checksum: 1da38b5cd

Time (s): cpu = 00:00:08 ; elapsed = 00:00:05 . Memory (MB): peak = 2296.676 ; gain = 222.969

Starting Final Cleanup Task
Ending Final Cleanup Task | Checksum: 1da38b5cd

Time (s): cpu = 00:00:00 ; elapsed = 00:00:00.004 . Memory (MB): peak = 2296.676 ; gain = 0.000

Starting Netlist Obfuscation Task
Netlist sorting complete. Time (s): cpu = 00:00:00 ; elapsed = 00:00:00.021 . Memory (MB): peak = 2296.676 ; gain = 0.000
Ending Netlist Obfuscation Task | Checksum: 1bfad0320

Time (s): cpu = 00:00:00 ; elapsed = 00:00:00.029 . Memory (MB): peak = 2296.676 ; gain = 0.000
INFO: [Common 17-83] Releasing license: Implementation
70 Infos, 8 Warnings, 4 Critical Warnings and 0 Errors encountered.
opt_design completed successfully
opt_design: Time (s): cpu = 00:00:18 ; elapsed = 00:00:13 . Memory (MB): peak = 2296.676 ; gain = 637.402
INFO: [Vivado 12-24828] Executing command : report_drc -file design_1_wrapper_drc_opted.rpt -pb design_1_wrapper_drc_opted.pb -rpx design_1_wrapper_drc_opted.rpx
Command: report_drc -file design_1_wrapper_drc_opted.rpt -pb design_1_wrapper_drc_opted.pb -rpx design_1_wrapper_drc_opted.rpx
INFO: [IP_Flow 19-1839] IP Catalog is up to date.
INFO: [DRC 23-27] Running DRC with 2 threads
INFO: [Vivado_Tcl 2-168] The results of DRC are in file C:/ANKUSH_Psuedo-Disk/AUV/hdmi/zybo-20-hw.runs/impl_1/design_1_wrapper_drc_opted.rpt.
report_drc completed successfully
INFO: [Timing 38-35] Done setting XDC timing constraints.
INFO: [Timing 38-480] Writing timing data to binary archive.
Wrote PlaceDB: Time (s): cpu = 00:00:00 ; elapsed = 00:00:00.015 . Memory (MB): peak = 2296.676 ; gain = 0.000
Wrote PulsedLatchDB: Time (s): cpu = 00:00:00 ; elapsed = 00:00:00.001 . Memory (MB): peak = 2296.676 ; gain = 0.000
Writing XDEF routing.
Writing XDEF routing logical nets.
Write ShapeDB Complete: Time (s): cpu = 00:00:01 ; elapsed = 00:00:00.057 . Memory (MB): peak = 2296.676 ; gain = 0.000
Writing XDEF routing special nets.
Wrote RouteStorage: Time (s): cpu = 00:00:01 ; elapsed = 00:00:00.047 . Memory (MB): peak = 2296.676 ; gain = 0.000
Wrote Netlist Cache: Time (s): cpu = 00:00:00 ; elapsed = 00:00:00.002 . Memory (MB): peak = 2296.676 ; gain = 0.000
Wrote Device Cache: Time (s): cpu = 00:00:00 ; elapsed = 00:00:00.011 . Memory (MB): peak = 2296.676 ; gain = 0.000
Write Physdb Complete: Time (s): cpu = 00:00:01 ; elapsed = 00:00:00.089 . Memory (MB): peak = 2296.676 ; gain = 0.000
INFO: [Common 17-1381] The checkpoint 'C:/ANKUSH_Psuedo-Disk/AUV/hdmi/zybo-20-hw.runs/impl_1/design_1_wrapper_opt.dcp' has been generated.
Command: place_design
Attempting to get a license for feature 'Implementation' and/or device 'xc7z020'
INFO: [Common 17-349] Got license for feature 'Implementation' and/or device 'xc7z020'
INFO: [Common 17-83] Releasing license: Implementation
INFO: [DRC 23-27] Running DRC with 2 threads
INFO: [Vivado_Tcl 4-198] DRC finished with 0 Errors
INFO: [Vivado_Tcl 4-199] Please refer to the DRC report (report_drc) for more information.
Running DRC as a precondition to command place_design
INFO: [DRC 23-27] Running DRC with 2 threads
INFO: [Vivado_Tcl 4-198] DRC finished with 0 Errors
INFO: [Vivado_Tcl 4-199] Please refer to the DRC report (report_drc) for more information.
INFO: [Place 30-611] Multithreading enabled for place_design using a maximum of 2 CPUs

Starting Placer Task

Phase 1 Placer Initialization

Phase 1.1 Placer Initialization Netlist Sorting
Netlist sorting complete. Time (s): cpu = 00:00:00 ; elapsed = 00:00:00.015 . Memory (MB): peak = 2296.676 ; gain = 0.000
Phase 1.1 Placer Initialization Netlist Sorting | Checksum: 1301ff714

Time (s): cpu = 00:00:00 ; elapsed = 00:00:00.027 . Memory (MB): peak = 2296.676 ; gain = 0.000
Netlist sorting complete. Time (s): cpu = 00:00:00 ; elapsed = 00:00:00.010 . Memory (MB): peak = 2296.676 ; gain = 0.000

Phase 1.2 IO Placement/ Clock Placement/ Build Placer Device
Phase 1.2 IO Placement/ Clock Placement/ Build Placer Device | Checksum: 9cce5d39

Time (s): cpu = 00:00:03 ; elapsed = 00:00:02 . Memory (MB): peak = 2296.676 ; gain = 0.000

Phase 1.3 Build Placer Netlist Model
Phase 1.3 Build Placer Netlist Model | Checksum: 14a220b8a

Time (s): cpu = 00:00:07 ; elapsed = 00:00:05 . Memory (MB): peak = 2296.676 ; gain = 0.000

Phase 1.4 Constrain Clocks/Macros
Phase 1.4 Constrain Clocks/Macros | Checksum: 14a220b8a

Time (s): cpu = 00:00:07 ; elapsed = 00:00:05 . Memory (MB): peak = 2296.676 ; gain = 0.000
Phase 1 Placer Initialization | Checksum: 14a220b8a

Time (s): cpu = 00:00:07 ; elapsed = 00:00:05 . Memory (MB): peak = 2296.676 ; gain = 0.000

Phase 2 Global Placement

Phase 2.1 Floorplanning
Phase 2.1 Floorplanning | Checksum: 1d76d446a

Time (s): cpu = 00:00:08 ; elapsed = 00:00:06 . Memory (MB): peak = 2296.676 ; gain = 0.000

Phase 2.2 Update Timing before SLR Path Opt
Phase 2.2 Update Timing before SLR Path Opt | Checksum: 1bc7401cc

Time (s): cpu = 00:00:09 ; elapsed = 00:00:07 . Memory (MB): peak = 2296.676 ; gain = 0.000

Phase 2.3 Post-Processing in Floorplanning
Phase 2.3 Post-Processing in Floorplanning | Checksum: 1bc7401cc

Time (s): cpu = 00:00:09 ; elapsed = 00:00:07 . Memory (MB): peak = 2296.676 ; gain = 0.000

Phase 2.4 Global Place Phase1
Phase 2.4 Global Place Phase1 | Checksum: 1aac5853b

Time (s): cpu = 00:00:18 ; elapsed = 00:00:13 . Memory (MB): peak = 2296.676 ; gain = 0.000

Phase 2.5 Global Place Phase2

Phase 2.5.1 UpdateTiming Before Physical Synthesis
Phase 2.5.1 UpdateTiming Before Physical Synthesis | Checksum: 2039477c3

Time (s): cpu = 00:00:20 ; elapsed = 00:00:14 . Memory (MB): peak = 2296.676 ; gain = 0.000

Phase 2.5.2 Physical Synthesis In Placer
INFO: [Physopt 32-1035] Found 0 LUTNM shape to break, 560 LUT instances to create LUTNM shape
INFO: [Physopt 32-1044] Break lutnm for timing: one critical 0, two critical 0, total 0, new lutff created 0
INFO: [Physopt 32-1138] End 1 Pass. Optimized 225 nets or LUTs. Breaked 0 LUT, combined 225 existing LUTs and moved 0 existing LUT
INFO: [Physopt 32-65] No nets found for high-fanout optimization.
INFO: [Physopt 32-232] Optimized 0 net. Created 0 new instance.
INFO: [Physopt 32-775] End 1 Pass. Optimized 0 net or cell. Created 0 new cell, deleted 0 existing cell and moved 0 existing cell
INFO: [Physopt 32-670] No setup violation found.  DSP Register Optimization was not performed.
INFO: [Physopt 32-670] No setup violation found.  Shift Register to Pipeline Optimization was not performed.
INFO: [Physopt 32-670] No setup violation found.  Shift Register Optimization was not performed.
INFO: [Physopt 32-670] No setup violation found.  BRAM Register Optimization was not performed.
INFO: [Physopt 32-670] No setup violation found.  URAM Register Optimization was not performed.
INFO: [Physopt 32-949] No candidate nets found for dynamic/static region interface net replication
INFO: [Physopt 32-775] End 1 Pass. Optimized 0 net or cell. Created 0 new cell, deleted 0 existing cell and moved 0 existing cell
Netlist sorting complete. Time (s): cpu = 00:00:00 ; elapsed = 00:00:00.013 . Memory (MB): peak = 2296.676 ; gain = 0.000

Summary of Physical Synthesis Optimizations
============================================


-----------------------------------------------------------------------------------------------------------------------------------------------------------
|  Optimization                                     |  Added Cells  |  Removed Cells  |  Optimized Cells/Nets  |  Dont Touch  |  Iterations  |  Elapsed   |
-----------------------------------------------------------------------------------------------------------------------------------------------------------
|  LUT Combining                                    |            0  |            225  |                   225  |           0  |           1  |  00:00:00  |
|  Retime                                           |            0  |              0  |                     0  |           0  |           1  |  00:00:00  |
|  Very High Fanout                                 |            0  |              0  |                     0  |           0  |           1  |  00:00:00  |
|  DSP Register                                     |            0  |              0  |                     0  |           0  |           0  |  00:00:00  |
|  Shift Register to Pipeline                       |            0  |              0  |                     0  |           0  |           0  |  00:00:00  |
|  Shift Register                                   |            0  |              0  |                     0  |           0  |           0  |  00:00:00  |
|  BRAM Register                                    |            0  |              0  |                     0  |           0  |           0  |  00:00:00  |
|  URAM Register                                    |            0  |              0  |                     0  |           0  |           0  |  00:00:00  |
|  Dynamic/Static Region Interface Net Replication  |            0  |              0  |                     0  |           0  |           1  |  00:00:00  |
|  Total                                            |            0  |            225  |                   225  |           0  |           4  |  00:00:00  |
-----------------------------------------------------------------------------------------------------------------------------------------------------------


Phase 2.5.2 Physical Synthesis In Placer | Checksum: 2102d6eb9

Time (s): cpu = 00:00:22 ; elapsed = 00:00:16 . Memory (MB): peak = 2296.676 ; gain = 0.000
Phase 2.5 Global Place Phase2 | Checksum: 140818372

Time (s): cpu = 00:00:23 ; elapsed = 00:00:16 . Memory (MB): peak = 2296.676 ; gain = 0.000
Phase 2 Global Placement | Checksum: 140818372

Time (s): cpu = 00:00:23 ; elapsed = 00:00:16 . Memory (MB): peak = 2296.676 ; gain = 0.000

Phase 3 Detail Placement

Phase 3.1 Commit Multi Column Macros
Phase 3.1 Commit Multi Column Macros | Checksum: 1489bc3a1

Time (s): cpu = 00:00:24 ; elapsed = 00:00:17 . Memory (MB): peak = 2296.676 ; gain = 0.000

Phase 3.2 Commit Most Macros & LUTRAMs
Phase 3.2 Commit Most Macros & LUTRAMs | Checksum: 1a03b18f9

Time (s): cpu = 00:00:26 ; elapsed = 00:00:18 . Memory (MB): peak = 2296.676 ; gain = 0.000

Phase 3.3 Area Swap Optimization
Phase 3.3 Area Swap Optimization | Checksum: 1a4c8b50c

Time (s): cpu = 00:00:26 ; elapsed = 00:00:19 . Memory (MB): peak = 2296.676 ; gain = 0.000

Phase 3.4 Pipeline Register Optimization
Phase 3.4 Pipeline Register Optimization | Checksum: 18767f2d9

Time (s): cpu = 00:00:26 ; elapsed = 00:00:19 . Memory (MB): peak = 2296.676 ; gain = 0.000

Phase 3.5 Small Shape Detail Placement
Phase 3.5 Small Shape Detail Placement | Checksum: 193c31956

Time (s): cpu = 00:00:32 ; elapsed = 00:00:26 . Memory (MB): peak = 2296.676 ; gain = 0.000

Phase 3.6 Re-assign LUT pins
Phase 3.6 Re-assign LUT pins | Checksum: 18248eacd

Time (s): cpu = 00:00:33 ; elapsed = 00:00:27 . Memory (MB): peak = 2296.676 ; gain = 0.000

Phase 3.7 Pipeline Register Optimization
Phase 3.7 Pipeline Register Optimization | Checksum: 17db8483f

Time (s): cpu = 00:00:33 ; elapsed = 00:00:27 . Memory (MB): peak = 2296.676 ; gain = 0.000
Phase 3 Detail Placement | Checksum: 17db8483f

Time (s): cpu = 00:00:33 ; elapsed = 00:00:27 . Memory (MB): peak = 2296.676 ; gain = 0.000

Phase 4 Post Placement Optimization and Clean-Up

Phase 4.1 Post Commit Optimization
INFO: [Timing 38-35] Done setting XDC timing constraints.

Phase 4.1.1 Post Placement Optimization
Post Placement Optimization Initialization | Checksum: 1084ac7e6

Phase 4.1.1.1 BUFG Insertion

Starting Physical Synthesis Task

Phase 1 Physical Synthesis Initialization
INFO: [Physopt 32-721] Multithreading enabled for phys_opt_design using a maximum of 2 CPUs
INFO: [Physopt 32-619] Estimated Timing Summary | WNS=0.416 | TNS=0.000 |
Phase 1 Physical Synthesis Initialization | Checksum: 13b64dd49

Time (s): cpu = 00:00:01 ; elapsed = 00:00:00.430 . Memory (MB): peak = 2296.676 ; gain = 0.000
INFO: [Place 46-56] BUFG insertion identified 0 candidate nets. Inserted BUFG: 0, Replicated BUFG Driver: 0, Skipped due to Placement/Routing Conflicts: 0, Skipped due to Timing Degradation: 0, Skipped due to netlist editing failed: 0.
Ending Physical Synthesis Task | Checksum: 189d99e46

Time (s): cpu = 00:00:01 ; elapsed = 00:00:00.702 . Memory (MB): peak = 2296.676 ; gain = 0.000
Phase 4.1.1.1 BUFG Insertion | Checksum: 1084ac7e6

Time (s): cpu = 00:00:39 ; elapsed = 00:00:31 . Memory (MB): peak = 2296.676 ; gain = 0.000

Phase 4.1.1.2 Post Placement Timing Optimization
INFO: [Place 30-746] Post Placement Timing Summary WNS=0.677. For the most accurate timing information please run report_timing.
Phase 4.1.1.2 Post Placement Timing Optimization | Checksum: dedc7e10

Time (s): cpu = 00:00:40 ; elapsed = 00:00:32 . Memory (MB): peak = 2296.676 ; gain = 0.000

Time (s): cpu = 00:00:40 ; elapsed = 00:00:32 . Memory (MB): peak = 2296.676 ; gain = 0.000
Phase 4.1 Post Commit Optimization | Checksum: dedc7e10

Time (s): cpu = 00:00:40 ; elapsed = 00:00:32 . Memory (MB): peak = 2296.676 ; gain = 0.000

Phase 4.2 Post Placement Cleanup
Phase 4.2 Post Placement Cleanup | Checksum: dedc7e10

Time (s): cpu = 00:00:41 ; elapsed = 00:00:32 . Memory (MB): peak = 2296.676 ; gain = 0.000

Phase 4.3 Placer Reporting

Phase 4.3.1 Print Estimated Congestion
INFO: [Place 30-612] Post-Placement Estimated Congestion 
 ____________________________________________________
|           | Global Congestion | Short Congestion  |
| Direction | Region Size       | Region Size       |
|___________|___________________|___________________|
|      North|                1x1|                2x2|
|___________|___________________|___________________|
|      South|                1x1|                1x1|
|___________|___________________|___________________|
|       East|                1x1|                1x1|
|___________|___________________|___________________|
|       West|                1x1|                1x1|
|___________|___________________|___________________|

Phase 4.3.1 Print Estimated Congestion | Checksum: dedc7e10

Time (s): cpu = 00:00:41 ; elapsed = 00:00:32 . Memory (MB): peak = 2296.676 ; gain = 0.000
Phase 4.3 Placer Reporting | Checksum: dedc7e10

Time (s): cpu = 00:00:41 ; elapsed = 00:00:32 . Memory (MB): peak = 2296.676 ; gain = 0.000

Phase 4.4 Final Placement Cleanup
Netlist sorting complete. Time (s): cpu = 00:00:00 ; elapsed = 00:00:00.015 . Memory (MB): peak = 2296.676 ; gain = 0.000

Time (s): cpu = 00:00:41 ; elapsed = 00:00:32 . Memory (MB): peak = 2296.676 ; gain = 0.000
Phase 4 Post Placement Optimization and Clean-Up | Checksum: 72026fd5

Time (s): cpu = 00:00:41 ; elapsed = 00:00:32 . Memory (MB): peak = 2296.676 ; gain = 0.000
Ending Placer Task | Checksum: 5a50f7ac

Time (s): cpu = 00:00:41 ; elapsed = 00:00:32 . Memory (MB): peak = 2296.676 ; gain = 0.000
105 Infos, 8 Warnings, 4 Critical Warnings and 0 Errors encountered.
place_design completed successfully
place_design: Time (s): cpu = 00:00:44 ; elapsed = 00:00:35 . Memory (MB): peak = 2296.676 ; gain = 0.000
INFO: [Vivado 12-24838] Running report commands "report_control_sets, report_io, report_utilization" in parallel.
Running report generation with 2 threads.
INFO: [Vivado 12-24828] Executing command : report_io -file design_1_wrapper_io_placed.rpt
report_io: Time (s): cpu = 00:00:01 ; elapsed = 00:00:00.053 . Memory (MB): peak = 2296.676 ; gain = 0.000
INFO: [Vivado 12-24828] Executing command : report_control_sets -verbose -file design_1_wrapper_control_sets_placed.rpt
report_control_sets: Time (s): cpu = 00:00:00 ; elapsed = 00:00:00.055 . Memory (MB): peak = 2296.676 ; gain = 0.000
INFO: [Vivado 12-24828] Executing command : report_utilization -file design_1_wrapper_utilization_placed.rpt -pb design_1_wrapper_utilization_placed.pb
INFO: [Timing 38-480] Writing timing data to binary archive.
Write ShapeDB Complete: Time (s): cpu = 00:00:00 ; elapsed = 00:00:00.071 . Memory (MB): peak = 2296.676 ; gain = 0.000
Wrote PlaceDB: Time (s): cpu = 00:00:03 ; elapsed = 00:00:02 . Memory (MB): peak = 2296.676 ; gain = 0.000
Wrote PulsedLatchDB: Time (s): cpu = 00:00:00 ; elapsed = 00:00:00 . Memory (MB): peak = 2296.676 ; gain = 0.000
Writing XDEF routing.
Writing XDEF routing logical nets.
Writing XDEF routing special nets.
Wrote RouteStorage: Time (s): cpu = 00:00:00 ; elapsed = 00:00:00.044 . Memory (MB): peak = 2296.676 ; gain = 0.000
Wrote Netlist Cache: Time (s): cpu = 00:00:00 ; elapsed = 00:00:00.034 . Memory (MB): peak = 2296.676 ; gain = 0.000
Wrote Device Cache: Time (s): cpu = 00:00:00 ; elapsed = 00:00:00.010 . Memory (MB): peak = 2296.676 ; gain = 0.000
Write Physdb Complete: Time (s): cpu = 00:00:03 ; elapsed = 00:00:02 . Memory (MB): peak = 2296.676 ; gain = 0.000
INFO: [Common 17-1381] The checkpoint 'C:/ANKUSH_Psuedo-Disk/AUV/hdmi/zybo-20-hw.runs/impl_1/design_1_wrapper_placed.dcp' has been generated.
Command: phys_opt_design
Attempting to get a license for feature 'Implementation' and/or device 'xc7z020'
INFO: [Common 17-349] Got license for feature 'Implementation' and/or device 'xc7z020'

Starting Initial Update Timing Task

Time (s): cpu = 00:00:03 ; elapsed = 00:00:02 . Memory (MB): peak = 2296.676 ; gain = 0.000
INFO: [Vivado_Tcl 4-2279] Estimated Timing Summary | WNS= 0.677 | TNS= 0.000 | 
INFO: [Vivado_Tcl 4-383] Design worst setup slack (WNS) is greater than or equal to 0.000 ns. All physical synthesis setup optimizations will be skipped.
INFO: [Vivado_Tcl 4-232] No setup violation found. The netlist was not modified.
INFO: [Common 17-83] Releasing license: Implementation
116 Infos, 8 Warnings, 4 Critical Warnings and 0 Errors encountered.
phys_opt_design completed successfully
INFO: [Timing 38-480] Writing timing data to binary archive.
Write ShapeDB Complete: Time (s): cpu = 00:00:01 ; elapsed = 00:00:00.071 . Memory (MB): peak = 2296.676 ; gain = 0.000
Wrote PlaceDB: Time (s): cpu = 00:00:04 ; elapsed = 00:00:02 . Memory (MB): peak = 2296.676 ; gain = 0.000
Wrote PulsedLatchDB: Time (s): cpu = 00:00:00 ; elapsed = 00:00:00 . Memory (MB): peak = 2296.676 ; gain = 0.000
Writing XDEF routing.
Writing XDEF routing logical nets.
Writing XDEF routing special nets.
Wrote RouteStorage: Time (s): cpu = 00:00:00 ; elapsed = 00:00:00.049 . Memory (MB): peak = 2296.676 ; gain = 0.000
Wrote Netlist Cache: Time (s): cpu = 00:00:00 ; elapsed = 00:00:00.030 . Memory (MB): peak = 2296.676 ; gain = 0.000
Wrote Device Cache: Time (s): cpu = 00:00:00 ; elapsed = 00:00:00.011 . Memory (MB): peak = 2296.676 ; gain = 0.000
Write Physdb Complete: Time (s): cpu = 00:00:04 ; elapsed = 00:00:02 . Memory (MB): peak = 2296.676 ; gain = 0.000
INFO: [Common 17-1381] The checkpoint 'C:/ANKUSH_Psuedo-Disk/AUV/hdmi/zybo-20-hw.runs/impl_1/design_1_wrapper_physopt.dcp' has been generated.
Command: route_design
Attempting to get a license for feature 'Implementation' and/or device 'xc7z020'
INFO: [Common 17-349] Got license for feature 'Implementation' and/or device 'xc7z020'


Starting Routing Task
INFO: [Route 35-254] Multithreading enabled for route_design using a maximum of 2 CPUs

Phase 1 Build RT Design
Checksum: PlaceDB: 1357f766 ConstDB: 0 ShapeSum: 30ff8d56 RouteDB: 15f972f0
Post Restoration Checksum: NetGraph: dcf2d8d7 | NumContArr: ecf7962f | Constraints: c2a8fa9d | Timing: c2a8fa9d
Phase 1 Build RT Design | Checksum: 34f3c6440

Time (s): cpu = 00:00:30 ; elapsed = 00:00:27 . Memory (MB): peak = 2346.133 ; gain = 49.457

Phase 2 Router Initialization

Phase 2.1 Fix Topology Constraints
Phase 2.1 Fix Topology Constraints | Checksum: 34f3c6440

Time (s): cpu = 00:00:31 ; elapsed = 00:00:27 . Memory (MB): peak = 2346.133 ; gain = 49.457

Phase 2.2 Pre Route Cleanup
Phase 2.2 Pre Route Cleanup | Checksum: 34f3c6440

Time (s): cpu = 00:00:31 ; elapsed = 00:00:27 . Memory (MB): peak = 2346.133 ; gain = 49.457
 Number of Nodes with overlaps = 0

Phase 2.3 Update Timing
Phase 2.3 Update Timing | Checksum: 101456108

Time (s): cpu = 00:00:37 ; elapsed = 00:00:31 . Memory (MB): peak = 2400.449 ; gain = 103.773
INFO: [Route 35-416] Intermediate Timing Summary | WNS=0.639  | TNS=0.000  | WHS=-0.352 | THS=-216.333|


Phase 2.4 Update Timing for Bus Skew

Phase 2.4.1 Update Timing
Phase 2.4.1 Update Timing | Checksum: 15169d505

Time (s): cpu = 00:00:41 ; elapsed = 00:00:34 . Memory (MB): peak = 2400.449 ; gain = 103.773
INFO: [Route 35-416] Intermediate Timing Summary | WNS=0.639  | TNS=0.000  | WHS=-0.241 | THS=-8.838 |

Phase 2.4 Update Timing for Bus Skew | Checksum: 14567ee74

Time (s): cpu = 00:00:42 ; elapsed = 00:00:34 . Memory (MB): peak = 2400.449 ; gain = 103.773

Phase 2.5 Soft Constraint Pins - Fast Budgeting
Phase 2.5 Soft Constraint Pins - Fast Budgeting | Checksum: 14567ee74

Time (s): cpu = 00:00:42 ; elapsed = 00:00:34 . Memory (MB): peak = 2434.785 ; gain = 138.109

Router Utilization Summary
  Global Vertical Routing Utilization    = 0.00227814 %
  Global Horizontal Routing Utilization  = 0.00819811 %
  Routable Net Status*
  *Does not include unroutable nets such as driverless and loadless.
  Run report_route_status for detailed report.
  Number of Failed Nets               = 18380
    (Failed Nets is the sum of unrouted and partially routed nets)
  Number of Unrouted Nets             = 18380
  Number of Partially Routed Nets     = 0
  Number of Node Overlaps             = 0

Phase 2 Router Initialization | Checksum: fc2f4d2b

Time (s): cpu = 00:00:42 ; elapsed = 00:00:34 . Memory (MB): peak = 2434.785 ; gain = 138.109

Phase 3 Global Routing
Phase 3 Global Routing | Checksum: fc2f4d2b

Time (s): cpu = 00:00:42 ; elapsed = 00:00:34 . Memory (MB): peak = 2434.785 ; gain = 138.109

Phase 4 Initial Routing

Phase 4.1 Initial Net Routing Pass
Phase 4.1 Initial Net Routing Pass | Checksum: 18ccc2ff0

Time (s): cpu = 00:00:46 ; elapsed = 00:00:36 . Memory (MB): peak = 2434.785 ; gain = 138.109
Phase 4 Initial Routing | Checksum: 18ccc2ff0

Time (s): cpu = 00:00:46 ; elapsed = 00:00:36 . Memory (MB): peak = 2434.785 ; gain = 138.109

Phase 5 Rip-up And Reroute

Phase 5.1 Global Iteration 0
 Number of Nodes with overlaps = 1095
 Number of Nodes with overlaps = 109
 Number of Nodes with overlaps = 41
 Number of Nodes with overlaps = 5
 Number of Nodes with overlaps = 0
INFO: [Route 35-416] Intermediate Timing Summary | WNS=0.603  | TNS=0.000  | WHS=N/A    | THS=N/A    |

Phase 5.1 Global Iteration 0 | Checksum: 215840014

Time (s): cpu = 00:00:54 ; elapsed = 00:00:43 . Memory (MB): peak = 2434.785 ; gain = 138.109

Phase 5.2 Global Iteration 1
 Number of Nodes with overlaps = 7
 Number of Nodes with overlaps = 0
INFO: [Route 35-416] Intermediate Timing Summary | WNS=0.603  | TNS=0.000  | WHS=N/A    | THS=N/A    |

Phase 5.2 Global Iteration 1 | Checksum: 1dd2bd12a

Time (s): cpu = 00:00:55 ; elapsed = 00:00:43 . Memory (MB): peak = 2434.785 ; gain = 138.109
Phase 5 Rip-up And Reroute | Checksum: 1dd2bd12a

Time (s): cpu = 00:00:55 ; elapsed = 00:00:43 . Memory (MB): peak = 2434.785 ; gain = 138.109

Phase 6 Delay and Skew Optimization

Phase 6.1 Delay CleanUp

Phase 6.1.1 Update Timing
Phase 6.1.1 Update Timing | Checksum: 15e628faa

Time (s): cpu = 00:00:56 ; elapsed = 00:00:44 . Memory (MB): peak = 2434.785 ; gain = 138.109
INFO: [Route 35-416] Intermediate Timing Summary | WNS=0.706  | TNS=0.000  | WHS=N/A    | THS=N/A    |

Phase 6.1 Delay CleanUp | Checksum: 21cbf4dec

Time (s): cpu = 00:00:56 ; elapsed = 00:00:44 . Memory (MB): peak = 2434.785 ; gain = 138.109

Phase 6.2 Clock Skew Optimization
Phase 6.2 Clock Skew Optimization | Checksum: 21cbf4dec

Time (s): cpu = 00:00:56 ; elapsed = 00:00:44 . Memory (MB): peak = 2434.785 ; gain = 138.109
Phase 6 Delay and Skew Optimization | Checksum: 21cbf4dec

Time (s): cpu = 00:00:56 ; elapsed = 00:00:44 . Memory (MB): peak = 2434.785 ; gain = 138.109

Phase 7 Post Hold Fix

Phase 7.1 Hold Fix Iter
INFO: [Route 35-416] Intermediate Timing Summary | WNS=0.706  | TNS=0.000  | WHS=0.009  | THS=0.000  |

Phase 7.1 Hold Fix Iter | Checksum: 1ea2b4cca

Time (s): cpu = 00:00:57 ; elapsed = 00:00:45 . Memory (MB): peak = 2434.785 ; gain = 138.109
Phase 7 Post Hold Fix | Checksum: 1ea2b4cca

Time (s): cpu = 00:00:57 ; elapsed = 00:00:45 . Memory (MB): peak = 2434.785 ; gain = 138.109

Phase 8 Route finalize

Router Utilization Summary
  Global Vertical Routing Utilization    = 3.12825 %
  Global Horizontal Routing Utilization  = 4.09618 %
  Routable Net Status*
  *Does not include unroutable nets such as driverless and loadless.
  Run report_route_status for detailed report.
  Number of Failed Nets               = 0
    (Failed Nets is the sum of unrouted and partially routed nets)
  Number of Unrouted Nets             = 0
  Number of Partially Routed Nets     = 0
  Number of Node Overlaps             = 0

Phase 8 Route finalize | Checksum: 1ea2b4cca

Time (s): cpu = 00:00:57 ; elapsed = 00:00:45 . Memory (MB): peak = 2434.785 ; gain = 138.109

Phase 9 Verifying routed nets

 Verification completed successfully
Phase 9 Verifying routed nets | Checksum: 1ea2b4cca

Time (s): cpu = 00:00:57 ; elapsed = 00:00:45 . Memory (MB): peak = 2434.785 ; gain = 138.109

Phase 10 Depositing Routes
Phase 10 Depositing Routes | Checksum: 1b7c5aa96

Time (s): cpu = 00:00:59 ; elapsed = 00:00:46 . Memory (MB): peak = 2434.785 ; gain = 138.109

Phase 11 Post Process Routing
Phase 11 Post Process Routing | Checksum: 1b7c5aa96

Time (s): cpu = 00:00:59 ; elapsed = 00:00:46 . Memory (MB): peak = 2434.785 ; gain = 138.109

Phase 12 Post Router Timing
INFO: [Route 35-57] Estimated Timing Summary | WNS=0.706  | TNS=0.000  | WHS=0.009  | THS=0.000  |

INFO: [Route 35-327] The final timing numbers are based on the router estimated timing analysis. For a complete and accurate timing signoff, please run report_timing_summary.
Phase 12 Post Router Timing | Checksum: 1b7c5aa96

Time (s): cpu = 00:00:59 ; elapsed = 00:00:46 . Memory (MB): peak = 2434.785 ; gain = 138.109
Total Elapsed time in route_design: 45.85 secs

Phase 13 Post-Route Event Processing
Phase 13 Post-Route Event Processing | Checksum: 11ee3c2ce

Time (s): cpu = 00:00:59 ; elapsed = 00:00:46 . Memory (MB): peak = 2434.785 ; gain = 138.109
INFO: [Route 35-16] Router Completed Successfully
Ending Routing Task | Checksum: 11ee3c2ce

Time (s): cpu = 00:00:59 ; elapsed = 00:00:46 . Memory (MB): peak = 2434.785 ; gain = 138.109

Routing Is Done.
INFO: [Common 17-83] Releasing license: Implementation
130 Infos, 8 Warnings, 4 Critical Warnings and 0 Errors encountered.
route_design completed successfully
route_design: Time (s): cpu = 00:00:59 ; elapsed = 00:00:46 . Memory (MB): peak = 2434.785 ; gain = 138.109
INFO: [Vivado 12-24828] Executing command : report_drc -file design_1_wrapper_drc_routed.rpt -pb design_1_wrapper_drc_routed.pb -rpx design_1_wrapper_drc_routed.rpx
Command: report_drc -file design_1_wrapper_drc_routed.rpt -pb design_1_wrapper_drc_routed.pb -rpx design_1_wrapper_drc_routed.rpx
INFO: [IP_Flow 19-1839] IP Catalog is up to date.
INFO: [DRC 23-27] Running DRC with 2 threads
INFO: [Vivado_Tcl 2-168] The results of DRC are in file C:/ANKUSH_Psuedo-Disk/AUV/hdmi/zybo-20-hw.runs/impl_1/design_1_wrapper_drc_routed.rpt.
report_drc completed successfully
report_drc: Time (s): cpu = 00:00:11 ; elapsed = 00:00:06 . Memory (MB): peak = 2437.070 ; gain = 2.285
INFO: [Vivado 12-24828] Executing command : report_methodology -file design_1_wrapper_methodology_drc_routed.rpt -pb design_1_wrapper_methodology_drc_routed.pb -rpx design_1_wrapper_methodology_drc_routed.rpx
Command: report_methodology -file design_1_wrapper_methodology_drc_routed.rpt -pb design_1_wrapper_methodology_drc_routed.pb -rpx design_1_wrapper_methodology_drc_routed.rpx
INFO: [Timing 38-35] Done setting XDC timing constraints.
INFO: [DRC 23-133] Running Methodology with 2 threads
INFO: [Vivado_Tcl 2-1520] The results of Report Methodology are in file C:/ANKUSH_Psuedo-Disk/AUV/hdmi/zybo-20-hw.runs/impl_1/design_1_wrapper_methodology_drc_routed.rpt.
report_methodology completed successfully
report_methodology: Time (s): cpu = 00:00:13 ; elapsed = 00:00:07 . Memory (MB): peak = 2486.633 ; gain = 49.562
INFO: [Vivado 12-24828] Executing command : report_timing_summary -max_paths 10 -routable_nets -report_unconstrained -file design_1_wrapper_timing_summary_routed.rpt -pb design_1_wrapper_timing_summary_routed.pb -rpx design_1_wrapper_timing_summary_routed.rpx -warn_on_violation 
INFO: [Timing 38-35] Done setting XDC timing constraints.
INFO: [Timing 38-91] UpdateTimingParams: Speed grade: -1, Delay Type: min_max.
INFO: [Timing 38-191] Multithreading enabled for timing update using a maximum of 2 CPUs
WARNING: [Timing 38-436] There are set_bus_skew constraint(s) in this design. Please run report_bus_skew to ensure that bus skew requirements are met.
INFO: [Vivado 12-24838] Running report commands "report_incremental_reuse, report_route_status" in parallel.
Running report generation with 2 threads.
INFO: [Vivado 12-24828] Executing command : report_incremental_reuse -file design_1_wrapper_incremental_reuse_routed.rpt
INFO: [Vivado_Tcl 4-1062] Incremental flow is disabled. No incremental reuse Info to report.
INFO: [Vivado 12-24828] Executing command : report_route_status -file design_1_wrapper_route_status.rpt -pb design_1_wrapper_route_status.pb
INFO: [Vivado 12-24828] Executing command : report_power -file design_1_wrapper_power_routed.rpt -pb design_1_wrapper_power_summary_routed.pb -rpx design_1_wrapper_power_routed.rpx
Command: report_power -file design_1_wrapper_power_routed.rpt -pb design_1_wrapper_power_summary_routed.pb -rpx design_1_wrapper_power_routed.rpx
Running Vector-less Activity Propagation...

Finished Running Vector-less Activity Propagation
WARNING: [Power 33-332] Found switching activity that implies high-fanout reset nets being asserted for excessive periods of time which may result in inaccurate power analysis.
Resolution: To review and fix problems, please run Power Constraints Advisor in the GUI from Tools > Power Constraints Advisor or run report_power with the -advisory option to generate a text report.
147 Infos, 10 Warnings, 4 Critical Warnings and 0 Errors encountered.
report_power completed successfully
INFO: [Vivado 12-24828] Executing command : report_clock_utilization -file design_1_wrapper_clock_utilization_routed.rpt
INFO: [Vivado 12-24828] Executing command : report_bus_skew -warn_on_violation -file design_1_wrapper_bus_skew_routed.rpt -pb design_1_wrapper_bus_skew_routed.pb -rpx design_1_wrapper_bus_skew_routed.rpx
INFO: [Timing 38-91] UpdateTimingParams: Speed grade: -1, Delay Type: min_max.
INFO: [Timing 38-191] Multithreading enabled for timing update using a maximum of 2 CPUs
generate_parallel_reports: Time (s): cpu = 00:00:34 ; elapsed = 00:00:20 . Memory (MB): peak = 2525.910 ; gain = 91.125
INFO: [Timing 38-480] Writing timing data to binary archive.
Write ShapeDB Complete: Time (s): cpu = 00:00:00 ; elapsed = 00:00:00.060 . Memory (MB): peak = 2554.613 ; gain = 10.809
Wrote PlaceDB: Time (s): cpu = 00:00:03 ; elapsed = 00:00:02 . Memory (MB): peak = 2562.133 ; gain = 18.305
Wrote PulsedLatchDB: Time (s): cpu = 00:00:00 ; elapsed = 00:00:00 . Memory (MB): peak = 2562.133 ; gain = 0.000
Writing XDEF routing.
Writing XDEF routing logical nets.
Writing XDEF routing special nets.
Wrote RouteStorage: Time (s): cpu = 00:00:01 ; elapsed = 00:00:00.215 . Memory (MB): peak = 2562.133 ; gain = 0.000
Wrote Netlist Cache: Time (s): cpu = 00:00:00 ; elapsed = 00:00:00.031 . Memory (MB): peak = 2562.133 ; gain = 0.000
Wrote Device Cache: Time (s): cpu = 00:00:00 ; elapsed = 00:00:00.012 . Memory (MB): peak = 2562.133 ; gain = 0.000
Write Physdb Complete: Time (s): cpu = 00:00:04 ; elapsed = 00:00:02 . Memory (MB): peak = 2562.133 ; gain = 18.305
INFO: [Common 17-1381] The checkpoint 'C:/ANKUSH_Psuedo-Disk/AUV/hdmi/zybo-20-hw.runs/impl_1/design_1_wrapper_routed.dcp' has been generated.
write_checkpoint: Time (s): cpu = 00:00:04 ; elapsed = 00:00:07 . Memory (MB): peak = 2562.133 ; gain = 36.223
INFO: [Memdata 28-208] The XPM instance: <design_1_i/v_vid_in_axi4s_0/inst/COUPLER_INST/generate_async_fifo.FIFO_INST/XPM_FIFO_ASYNC_INST/gnuram_async_fifo.xpm_fifo_base_inst/gen_sdpram.xpm_memory_base_inst> is part of IP: <design_1_i/v_vid_in_axi4s_0>. This XPM instance will be excluded from the .mmi because updatemem is prohibited from making changes to an XPM that is part of an IP.
INFO: [Memdata 28-208] The XPM instance: <design_1_i/v_axi4s_vid_out_0/inst/COUPLER_INST/generate_async_fifo.FIFO_INST/XPM_FIFO_ASYNC_INST/gnuram_async_fifo.xpm_fifo_base_inst/gen_sdpram.xpm_memory_base_inst> is part of IP: <design_1_i/v_axi4s_vid_out_0>. This XPM instance will be excluded from the .mmi because updatemem is prohibited from making changes to an XPM that is part of an IP.
INFO: [Memdata 28-167] Found XPM memory block design_1_i/axi_vdma_0/U0/I_PRMRY_DATAMOVER/GEN_S2MM_FULL.I_S2MM_FULL_WRAPPER/GEN_ENABLE_INDET_BTT_SF.I_INDET_BTT/I_XD_FIFO/NON_BLK_MEM.I_SYNC_FIFOGEN_FIFO/xpm_fifo_base_inst/gen_sdpram.xpm_memory_base_inst with a P_MEMORY_PRIMITIVE property set to auto. A value of block is required. You will not be able to use the updatemem program to update the bitstream with new data for the design_1_i/axi_vdma_0/U0/I_PRMRY_DATAMOVER/GEN_S2MM_FULL.I_S2MM_FULL_WRAPPER/GEN_ENABLE_INDET_BTT_SF.I_INDET_BTT/I_XD_FIFO/NON_BLK_MEM.I_SYNC_FIFOGEN_FIFO/xpm_fifo_base_inst/gen_sdpram.xpm_memory_base_inst block.
INFO: [Memdata 28-208] The XPM instance: <design_1_i/axi_vdma_0/U0/I_PRMRY_DATAMOVER/GEN_S2MM_FULL.I_S2MM_FULL_WRAPPER/GEN_ENABLE_INDET_BTT_SF.I_INDET_BTT/I_DATA_FIFO/BLK_MEM.I_SYNC_FIFOGEN_FIFO/xpm_fifo_base_inst/gen_sdpram.xpm_memory_base_inst> is part of IP: <design_1_i/axi_vdma_0>. This XPM instance will be excluded from the .mmi because updatemem is prohibited from making changes to an XPM that is part of an IP.
INFO: [Memdata 28-208] The XPM instance: <design_1_i/axi_vdma_0/U0/I_PRMRY_DATAMOVER/GEN_MM2S_FULL.I_MM2S_FULL_WRAPPER/GEN_INCLUDE_MM2S_SF.I_RD_SF/I_DATA_FIFO/BLK_MEM.I_SYNC_FIFOGEN_FIFO/xpm_fifo_base_inst/gen_sdpram.xpm_memory_base_inst> is part of IP: <design_1_i/axi_vdma_0>. This XPM instance will be excluded from the .mmi because updatemem is prohibited from making changes to an XPM that is part of an IP.
INFO: [Memdata 28-208] The XPM instance: <design_1_i/axi_vdma_0/U0/GEN_SPRT_FOR_S2MM.S2MM_LINEBUFFER_I/GEN_S2MM_FLUSH_SOF_LOGIC.GEN_LINEBUFFER_FLUSH_SOF.GEN_SYNC_FIFO_FLUSH_SOF.I_LINEBUFFER_FIFO/xpm_fifo_sync_inst/xpm_fifo_base_inst/gen_sdpram.xpm_memory_base_inst> is part of IP: <design_1_i/axi_vdma_0>. This XPM instance will be excluded from the .mmi because updatemem is prohibited from making changes to an XPM that is part of an IP.
INFO: [Memdata 28-208] The XPM instance: <design_1_i/axi_vdma_0/U0/GEN_SPRT_FOR_MM2S.MM2S_LINEBUFFER_I/GEN_LINEBUF_NO_SOF.GEN_LINEBUFFER.GEN_SYNC_FIFO.I_LINEBUFFER_FIFO/xpm_fifo_sync_inst/xpm_fifo_base_inst/gen_sdpram.xpm_memory_base_inst> is part of IP: <design_1_i/axi_vdma_0>. This XPM instance will be excluded from the .mmi because updatemem is prohibited from making changes to an XPM that is part of an IP.
Command: write_bitstream -force design_1_wrapper.bit
Attempting to get a license for feature 'Implementation' and/or device 'xc7z020'
INFO: [Common 17-349] Got license for feature 'Implementation' and/or device 'xc7z020'
Running DRC as a precondition to command write_bitstream
INFO: [IP_Flow 19-1839] IP Catalog is up to date.
INFO: [DRC 23-27] Running DRC with 2 threads
INFO: [Vivado 12-3199] DRC finished with 0 Errors
INFO: [Vivado 12-3200] Please refer to the DRC report (report_drc) for more information.
INFO: [Designutils 20-2272] Running write_bitstream with 2 threads.
Loading data files...
Loading site data...
Loading route data...
Processing options...
Creating bitmap...
Creating bitstream...
Writing bitstream ./design_1_wrapper.bit...
INFO: [Vivado 12-1842] Bitgen Completed Successfully.
INFO: [Project 1-1876] WebTalk data collection is mandatory when using a ULT device. To see the specific WebTalk data collected for your design, open the usage_statistics_webtalk.html or usage_statistics_webtalk.xml file in the implementation directory.
INFO: [Common 17-83] Releasing license: Implementation
169 Infos, 10 Warnings, 4 Critical Warnings and 0 Errors encountered.
write_bitstream completed successfully
write_bitstream: Time (s): cpu = 00:00:31 ; elapsed = 00:00:21 . Memory (MB): peak = 3063.664 ; gain = 501.531
INFO: [Common 17-206] Exiting Vivado at Thu Jul  9 02:44:12 2026...
