#-----------------------------------------------------------
# Vivado v2025.1 (64-bit)
# SW Build 6140274 on Thu May 22 00:12:29 MDT 2025
# IP Build 6138677 on Thu May 22 03:10:11 MDT 2025
# SharedData Build 6139179 on Tue May 20 17:58:58 MDT 2025
# Start of session at: Wed Jul  8 23:29:26 2026
# Process ID         : 31864
# Current directory  : C:/ANKUSH_Psuedo-Disk/AUV/hdmi/zybo-20-hw.runs/impl_1
# Command line       : vivado.exe -log design_1_wrapper.vdi -applog -product Vivado -messageDb vivado.pb -mode batch -source design_1_wrapper.tcl -notrace
# Log file           : C:/ANKUSH_Psuedo-Disk/AUV/hdmi/zybo-20-hw.runs/impl_1/design_1_wrapper.vdi
# Journal file       : C:/ANKUSH_Psuedo-Disk/AUV/hdmi/zybo-20-hw.runs/impl_1\vivado.jou
# Running On         : Ankush
# Platform           : Windows Server 2016 or Windows 10
# Operating System   : 26200
# Processor Detail   : Intel(R) Core(TM) Ultra 5 125H
# CPU Frequency      : 2995 MHz
# CPU Physical cores : 14
# CPU Logical cores  : 18
# Host memory        : 16766 MB
# Swap memory        : 44021 MB
# Total Virtual      : 60787 MB
# Available Virtual  : 35286 MB
#-----------------------------------------------------------
source design_1_wrapper.tcl -notrace
